// Jest Snapshot v1, https://goo.gl/fbAQLP

exports[`<SingleItem /> errors when item not found 1`] = `
<p
  data-test="graphql-error"
>
  <strong>
    Shoot!
  </strong>
  Item not found
</p>
`;

exports[`<SingleItem /> renders 1`] = `
<h2>
  Viewing 
  dogs are best
</h2>
`;

exports[`<SingleItem /> renders 2`] = `
<img
  alt="dogs are best"
  src="dog.jpg"
/>
`;

exports[`<SingleItem /> renders 3`] = `
<p>
  dogs
</p>
`;
